---
source: crates/server/tests/regression_tests.rs
expression: download
---
Hello, world 123!
