---
source: crates/server/tests/regression_tests.rs
expression: body
snapshot_kind: text
---
File too big
