---
source: crates/server/tests/regression_tests.rs
expression: response.text().await.unwrap()
---
Unauthorized
