---
source: crates/server/tests/regression_tests.rs
expression: body
---
Header of type `authorization` was missing
