---
source: crates/server/tests/regression_tests.rs
expression: download.text().await.unwrap()
---
Upload not found
