---
source: crates/server/tests/regression_tests.rs
expression: file
---
Hello, world 123!
