---
source: crates/server/tests/regression_tests.rs
expression: body
snapshot_kind: text
---
Too Many Requests! Wait for REMOVEDs
