---
source: crates/server/tests/regression_tests.rs
expression: download
snapshot_kind: text
---
Hello, world 123!
