---
source: crates/server/tests/regression_tests.rs
expression: body
---
Invalid URL: Invalid upload id: Invalid characters
