---
source: crates/server/tests/regression_tests.rs
expression: body
---
Unauthorized
