---
source: crates/server/src/error.rs
expression: body
snapshot_kind: text
---
Bad request: Invalid input
