---
source: crates/server/src/error.rs
expression: status_code
---
413 Payload Too Large
