---
source: crates/server/src/error.rs
expression: body
snapshot_kind: text
---
invalid digit found in string
